// Jest Snapshot v1, https://jestjs.io/docs/snapshot-testing

exports[`SyncBailHook should have to correct behavior 1`] = `
Object {
  "async": Object {},
  "intercept": Object {},
  "sync": Object {
    "callAsyncIntercepted": Object {
      "type": "async",
      "value": 6,
    },
    "callAsyncInterceptedCall1": Array [
      1,
      2,
      3,
    ],
    "callAsyncInterceptedCall2": Array [
      1,
      2,
      3,
    ],
    "callAsyncInterceptedTap1": Object {
      "fn": 3,
      "name": "sync1",
      "type": "sync",
    },
    "callAsyncInterceptedTap2": Object {
      "fn": 3,
      "name": "sync1",
      "type": "sync",
    },
    "callAsyncMultipleSync": Object {
      "type": "async",
      "value": 42,
    },
    "callAsyncMultipleSyncCalled1": true,
    "callAsyncMultipleSyncError": Object {
      "error": "Error in sync2",
      "type": "async",
    },
    "callAsyncMultipleSyncErrorCalled1": true,
    "callAsyncMultipleSyncErrorCalled2": true,
    "callAsyncMultipleSyncWithArg": Object {
      "type": "async",
      "value": 84,
    },
    "callAsyncMultipleSyncWithArgCalled1": 42,
    "callAsyncMultipleSyncWithArgFirstReturn": Object {
      "type": "async",
      "value": 84,
    },
    "callAsyncMultipleSyncWithArgFirstReturnCalled1": 42,
    "callAsyncMultipleSyncWithArgLastReturn": Object {
      "type": "async",
      "value": 85,
    },
    "callAsyncMultipleSyncWithArgLastReturnCalled1": 42,
    "callAsyncMultipleSyncWithArgLastReturnCalled2": 42,
    "callAsyncMultipleSyncWithArgNoReturn": Object {
      "type": "async",
      "value": undefined,
    },
    "callAsyncMultipleSyncWithArgNoReturnCalled1": 42,
    "callAsyncMultipleSyncWithArgNoReturnCalled2": 42,
    "callAsyncMultipleSyncWithArgs": Object {
      "type": "async",
      "value": 129,
    },
    "callAsyncMultipleSyncWithArgsCalled1": Array [
      42,
      43,
      44,
    ],
    "callAsyncNone": Object {
      "type": "async",
      "value": undefined,
    },
    "callAsyncNoneWithArg": Object {
      "type": "async",
      "value": undefined,
    },
    "callAsyncSingleSync": Object {
      "type": "async",
      "value": 42,
    },
    "callAsyncSingleSyncCalled": true,
    "callAsyncSingleSyncWithArg": Object {
      "type": "async",
      "value": 42,
    },
    "callAsyncSingleSyncWithArgCalled": 42,
    "callIntercepted": Object {
      "type": "return",
      "value": 6,
    },
    "callInterceptedCall1": Array [
      1,
      2,
      3,
    ],
    "callInterceptedCall2": Array [
      1,
      2,
      3,
    ],
    "callInterceptedTap1": Object {
      "fn": 3,
      "name": "sync1",
      "type": "sync",
    },
    "callInterceptedTap2": Object {
      "fn": 3,
      "name": "sync1",
      "type": "sync",
    },
    "callMultipleSync": Object {
      "type": "return",
      "value": 42,
    },
    "callMultipleSyncCalled1": true,
    "callMultipleSyncError": Object {
      "error": "Error in sync2",
    },
    "callMultipleSyncErrorCalled1": true,
    "callMultipleSyncErrorCalled2": true,
    "callMultipleSyncWithArg": Object {
      "type": "return",
      "value": 84,
    },
    "callMultipleSyncWithArgCalled1": 42,
    "callMultipleSyncWithArgFirstReturn": Object {
      "type": "return",
      "value": 84,
    },
    "callMultipleSyncWithArgFirstReturnCalled1": 42,
    "callMultipleSyncWithArgLastReturn": Object {
      "type": "return",
      "value": 85,
    },
    "callMultipleSyncWithArgLastReturnCalled1": 42,
    "callMultipleSyncWithArgLastReturnCalled2": 42,
    "callMultipleSyncWithArgNoReturn": Object {
      "type": "no result",
    },
    "callMultipleSyncWithArgNoReturnCalled1": 42,
    "callMultipleSyncWithArgNoReturnCalled2": 42,
    "callMultipleSyncWithArgs": Object {
      "type": "return",
      "value": 129,
    },
    "callMultipleSyncWithArgsCalled1": Array [
      42,
      43,
      44,
    ],
    "callNone": Object {
      "type": "no result",
    },
    "callNoneWithArg": Object {
      "type": "no result",
    },
    "callSingleSync": Object {
      "type": "return",
      "value": 42,
    },
    "callSingleSyncCalled": true,
    "callSingleSyncWithArg": Object {
      "type": "return",
      "value": 42,
    },
    "callSingleSyncWithArgCalled": 42,
    "promiseIntercepted": Object {
      "type": "promise",
      "value": 6,
    },
    "promiseInterceptedCall1": Array [
      1,
      2,
      3,
    ],
    "promiseInterceptedCall2": Array [
      1,
      2,
      3,
    ],
    "promiseInterceptedTap1": Object {
      "fn": 3,
      "name": "sync1",
      "type": "sync",
    },
    "promiseInterceptedTap2": Object {
      "fn": 3,
      "name": "sync1",
      "type": "sync",
    },
    "promiseMultipleSync": Object {
      "type": "promise",
      "value": 42,
    },
    "promiseMultipleSyncCalled1": true,
    "promiseMultipleSyncError": Object {
      "error": "Error in sync2",
      "type": "promise",
    },
    "promiseMultipleSyncErrorCalled1": true,
    "promiseMultipleSyncErrorCalled2": true,
    "promiseMultipleSyncWithArg": Object {
      "type": "promise",
      "value": 84,
    },
    "promiseMultipleSyncWithArgCalled1": 42,
    "promiseMultipleSyncWithArgFirstReturn": Object {
      "type": "promise",
      "value": 84,
    },
    "promiseMultipleSyncWithArgFirstReturnCalled1": 42,
    "promiseMultipleSyncWithArgLastReturn": Object {
      "type": "promise",
      "value": 85,
    },
    "promiseMultipleSyncWithArgLastReturnCalled1": 42,
    "promiseMultipleSyncWithArgLastReturnCalled2": 42,
    "promiseMultipleSyncWithArgNoReturn": Object {
      "type": "promise",
      "value": undefined,
    },
    "promiseMultipleSyncWithArgNoReturnCalled1": 42,
    "promiseMultipleSyncWithArgNoReturnCalled2": 42,
    "promiseMultipleSyncWithArgs": Object {
      "type": "promise",
      "value": 129,
    },
    "promiseMultipleSyncWithArgsCalled1": Array [
      42,
      43,
      44,
    ],
    "promiseNone": Object {
      "type": "promise",
      "value": undefined,
    },
    "promiseNoneWithArg": Object {
      "type": "promise",
      "value": undefined,
    },
    "promiseSingleSync": Object {
      "type": "promise",
      "value": 42,
    },
    "promiseSingleSyncCalled": true,
    "promiseSingleSyncWithArg": Object {
      "type": "promise",
      "value": 42,
    },
    "promiseSingleSyncWithArgCalled": 42,
  },
}
`;
