// Jest Snapshot v1, https://jestjs.io/docs/snapshot-testing

exports[`SyncLoopHook should have to correct behavior 1`] = `
Object {
  "async": Object {},
  "sync": Object {
    "callAsyncInterceptedSync": Object {
      "type": "async",
      "value": undefined,
    },
    "callAsyncInterceptedSyncCalled1": 83,
    "callAsyncInterceptedSyncCalled2": 42,
    "callAsyncInterceptedSyncCalledCall": 1,
    "callAsyncInterceptedSyncCalledLoop": 83,
    "callAsyncInterceptedSyncCalledTap": 125,
    "callAsyncMultipleSync": Object {
      "type": "async",
      "value": undefined,
    },
    "callAsyncMultipleSyncCalled1": 83,
    "callAsyncMultipleSyncCalled2": 42,
    "callAsyncNone": Object {
      "type": "async",
      "value": undefined,
    },
    "callAsyncNoneWithArg": Object {
      "type": "async",
      "value": undefined,
    },
    "callAsyncSingleSync": Object {
      "type": "async",
      "value": undefined,
    },
    "callAsyncSingleSyncCalled": 42,
    "callInterceptedSync": Object {
      "type": "no result",
    },
    "callInterceptedSyncCalled1": 83,
    "callInterceptedSyncCalled2": 42,
    "callInterceptedSyncCalledCall": 1,
    "callInterceptedSyncCalledLoop": 83,
    "callInterceptedSyncCalledTap": 125,
    "callMultipleSync": Object {
      "type": "no result",
    },
    "callMultipleSyncCalled1": 83,
    "callMultipleSyncCalled2": 42,
    "callNone": Object {
      "type": "no result",
    },
    "callNoneWithArg": Object {
      "type": "no result",
    },
    "callSingleSync": Object {
      "type": "no result",
    },
    "callSingleSyncCalled": 42,
    "promiseInterceptedSync": Object {
      "type": "promise",
      "value": undefined,
    },
    "promiseInterceptedSyncCalled1": 83,
    "promiseInterceptedSyncCalled2": 42,
    "promiseInterceptedSyncCalledCall": 1,
    "promiseInterceptedSyncCalledLoop": 83,
    "promiseInterceptedSyncCalledTap": 125,
    "promiseMultipleSync": Object {
      "type": "promise",
      "value": undefined,
    },
    "promiseMultipleSyncCalled1": 83,
    "promiseMultipleSyncCalled2": 42,
    "promiseNone": Object {
      "type": "promise",
      "value": undefined,
    },
    "promiseNoneWithArg": Object {
      "type": "promise",
      "value": undefined,
    },
    "promiseSingleSync": Object {
      "type": "promise",
      "value": undefined,
    },
    "promiseSingleSyncCalled": 42,
  },
}
`;
